EN dac_top NULL F:/XilinxISEWeMiF/DKopiec/CA/DAC_TOP.vhd sub00/vhpl02 1427322056
EN dac_control NULL F:/XilinxISEWeMiF/DKopiec/CA/DAC_Control.vhd sub00/vhpl00 1427322054
AR dac_top dac F:/XilinxISEWeMiF/DKopiec/CA/DAC_TOP.vhd sub00/vhpl03 1427322057
AR dac_control dac_control F:/XilinxISEWeMiF/DKopiec/CA/DAC_Control.vhd sub00/vhpl01 1427322055
